// Jest Snapshot v1, https://goo.gl/fbAQLP

exports[`Button Should render 1`] = `
ShallowWrapper {
  Symbol(enzyme.__root__): [Circular],
  Symbol(enzyme.__unrendered__): <Button
    color="primary"
    disabled={false}
    style={Object {}}
  />,
  Symbol(enzyme.__renderer__): Object {
    "batchedUpdates": [Function],
    "checkPropTypes": [Function],
    "getNode": [Function],
    "render": [Function],
    "simulateError": [Function],
    "simulateEvent": [Function],
    "unmount": [Function],
  },
  Symbol(enzyme.__node__): Object {
    "instance": null,
    "key": undefined,
    "nodeType": "function",
    "props": Object {
      "children": <input
        disabled={false}
        id="Button"
        style={
          Object {
            "backgroundColor": "#4caf50",
            "border": "#4caf50",
            "borderRadius": "5px",
            "boxSizing": "border-box",
            "color": "white",
            "cursor": "pointer",
            "fontWeight": "bold",
            "margin": "0px 5px 0px 0px",
            "padding": "12px",
          }
        }
        type="button"
      />,
    },
    "ref": null,
    "rendered": Object {
      "instance": null,
      "key": undefined,
      "nodeType": "host",
      "props": Object {
        "disabled": false,
        "id": "Button",
        "style": Object {
          "backgroundColor": "#4caf50",
          "border": "#4caf50",
          "borderRadius": "5px",
          "boxSizing": "border-box",
          "color": "white",
          "cursor": "pointer",
          "fontWeight": "bold",
          "margin": "0px 5px 0px 0px",
          "padding": "12px",
        },
        "type": "button",
      },
      "ref": null,
      "rendered": null,
      "type": "input",
    },
    "type": Symbol(react.fragment),
  },
  Symbol(enzyme.__nodes__): Array [
    Object {
      "instance": null,
      "key": undefined,
      "nodeType": "function",
      "props": Object {
        "children": <input
          disabled={false}
          id="Button"
          style={
            Object {
              "backgroundColor": "#4caf50",
              "border": "#4caf50",
              "borderRadius": "5px",
              "boxSizing": "border-box",
              "color": "white",
              "cursor": "pointer",
              "fontWeight": "bold",
              "margin": "0px 5px 0px 0px",
              "padding": "12px",
            }
          }
          type="button"
        />,
      },
      "ref": null,
      "rendered": Object {
        "instance": null,
        "key": undefined,
        "nodeType": "host",
        "props": Object {
          "disabled": false,
          "id": "Button",
          "style": Object {
            "backgroundColor": "#4caf50",
            "border": "#4caf50",
            "borderRadius": "5px",
            "boxSizing": "border-box",
            "color": "white",
            "cursor": "pointer",
            "fontWeight": "bold",
            "margin": "0px 5px 0px 0px",
            "padding": "12px",
          },
          "type": "button",
        },
        "ref": null,
        "rendered": null,
        "type": "input",
      },
      "type": Symbol(react.fragment),
    },
  ],
  Symbol(enzyme.__options__): Object {
    "adapter": ReactSixteenAdapter {
      "options": Object {
        "enableComponentDidUpdateOnSetState": true,
        "legacyContextMode": "parent",
        "lifecycles": Object {
          "componentDidUpdate": Object {
            "onSetState": true,
          },
          "getChildContext": Object {
            "calledByRenderer": false,
          },
          "getDerivedStateFromProps": Object {
            "hasShouldComponentUpdateBug": false,
          },
          "getSnapshotBeforeUpdate": true,
          "setState": Object {
            "skipsComponentDidUpdateOnNullish": true,
          },
        },
      },
    },
  },
  Symbol(enzyme.__childContext__): null,
}
`;
